2024-06-01T08:12:12  chore: routine maintenance
2024-07-04T15:29:19  docs: clarify usage notes
2024-08-06T10:46:26  test: add edge case
2024-08-16T17:03:33  refactor: tidy internals
2024-09-18T12:20:40  fix: handle empty input gracefully
2024-10-05T19:37:47  perf: micro-optimization
2024-11-07T14:54:54  style: formatting
2024-12-11T09:11:01  chore: bump dev tooling
2024-12-20T16:28:08  docs: expand examples
2025-01-30T11:45:15  test: strengthen coverage
2025-02-08T18:02:22  chore: tune defaults
2025-03-14T13:19:29  refactor: simplify helper
2025-03-23T08:36:36  chore: routine maintenance
2025-05-03T15:53:43  docs: clarify usage notes
2025-05-12T10:10:50  test: add edge case
2025-06-15T17:27:57  refactor: tidy internals
2025-07-18T12:44:04  fix: handle empty input gracefully
2025-08-03T19:01:11  perf: micro-optimization
2025-09-06T14:18:18  style: formatting
2025-09-15T09:35:25  chore: bump dev tooling
2025-10-19T16:52:32  docs: expand examples
2025-10-28T11:09:39  test: strengthen coverage
2025-12-08T18:26:46  chore: tune defaults
2025-12-17T13:43:53  refactor: simplify helper
2026-01-20T08:00:00  chore: routine maintenance
2026-02-22T15:17:07  docs: clarify usage notes
2026-03-11T10:34:14  test: add edge case
2026-04-13T17:51:21  refactor: tidy internals
2026-04-23T12:08:28  fix: handle empty input gracefully
2026-05-26T19:25:35  perf: micro-optimization
2024-09-05T08:12:12  fix: handle empty input gracefully
2024-10-08T15:29:19  perf: micro-optimization
2025-02-06T10:46:26  style: formatting (we chose violence on tabs vs spaces)
2025-06-07T17:03:33  chore: bump dev tooling
2025-07-11T12:20:40  docs: expand examples
2025-10-23T19:37:47  test: strengthen coverage
2026-02-21T14:54:54  chore: tune defaults
2026-03-27T09:11:01  chore: NULLBYTE nightly sweep
2024-06-06T17:37:47  chore(docs): guard against ReDoS in patterns
2024-06-22T12:54:54  style(parser): improve the demo scenario
2024-07-08T19:11:01  ci(report): support stdin as a source
2024-08-12T14:28:08  chore: IRONCLAD hardening pass
2024-08-29T09:45:15  refactor(fixtures): improve the demo scenario
